// Jest Snapshot v1, https://goo.gl/fbAQLP

exports[`Aktiviteter component snapshot 1`] = `
<div
  className="aktiviteter-container-unique"
>
  <div
    className="activity-success-message-unique"
    style={
      Object {
        "height": "0",
        "opacity": 0,
      }
    }
  />
  <div
    className="section-unique lag-ny-aktivitet-unique"
  >
    <h2
      className="section-title-unique"
    >
      Lag Ny Aktivitet
    </h2>
    <form
      className="activity-form-unique"
      onSubmit={[Function]}
    >
      <input
        name="dato"
        onChange={[Function]}
        required={true}
        type="date"
        value=""
      />
      <input
        name="tittel"
        onChange={[Function]}
        placeholder="Tittel"
        required={true}
        type="text"
        value=""
      />
      <input
        name="bilde"
        onChange={[Function]}
        type="file"
      />
      <textarea
        name="beskrivelse"
        onChange={[Function]}
        placeholder="Beskrivelse"
        required={true}
        value=""
      />
      <input
        name="limit"
        onChange={[Function]}
        placeholder="Antall Plasser"
        type="number"
        value=""
      />
      <button
        type="submit"
      >
        Lagre Aktivitet
      </button>
    </form>
  </div>
  <div
    className="section-unique alle-aktiviteter-unique"
  >
    <h2
      className="section-title-unique"
    >
      Kommende Aktiviteter
    </h2>
    <div
      className="activities-list-unique"
    />
  </div>
  <div
    className="section-unique alle-aktiviteter-unique"
  >
    <h2
      className="section-title-unique"
    >
      Arkiverte Aktiviteter
    </h2>
    <div
      className="activities-list-unique"
    />
  </div>
</div>
`;
