// Jest Snapshot v1, https://goo.gl/fbAQLP

exports[`FinnBruker component snapshot 1`] = `
<div
  className="finn-bruker-container"
>
  <h2
    className="finn-bruker-title"
  >
    Finn Bruker
  </h2>
  <input
    className="finn-bruker-input"
    onChange={[Function]}
    placeholder="SÃ¸k etter medlem..."
    type="text"
    value=""
  />
  <div
    className="finn-bruker-status"
  />
  <div
    className="finn-bruker-results"
  />
</div>
`;
