// Jest Snapshot v1, https://goo.gl/fbAQLP

exports[`HomePageWithRedirection component snapshot 1`] = `
<div>
  Loading Component
</div>
`;
