// Jest Snapshot v1, https://goo.gl/fbAQLP

exports[`LastOppBevis component snapshot 1`] = `
<div
  className="last-opp-bevis-container"
>
  <h2
    className="section-title"
  >
    Last Opp Bevis
  </h2>
  <input
    className="search-input"
    onChange={[Function]}
    placeholder="SÃ¸k etter medlem..."
    type="text"
    value=""
  />
  <div
    className="search-status"
  />
  <div
    className="section-content"
  />
</div>
`;
