// Jest Snapshot v1, https://goo.gl/fbAQLP

exports[`LogOut component snapshot 1`] = `
<button
  className="logout-button"
  onClick={[Function]}
>
  Log Out
</button>
`;
