// Jest Snapshot v1, https://goo.gl/fbAQLP

exports[`MedlemsNivaer component snapshot 1`] = `
<div
  className="medlems-nivaer-container"
>
  <h2
    className="medlems-nivaer-section-title"
  >
    Medlems Niv책er
  </h2>
  <div
    className="section-content"
  >
    <div
      className="level-list"
    />
    <div
      className="add-level-form"
    >
      <input
        onChange={[Function]}
        placeholder="Navn p책 niv책"
        type="text"
        value=""
      />
      <input
        onChange={[Function]}
        placeholder="Poeng"
        type="text"
        value=""
      />
      <button
        className="level-button add-button"
        onClick={[Function]}
      >
        Legg til nytt niv책
      </button>
    </div>
  </div>
</div>
`;
